[backblue.gif]
[fade.gif]
[index.html]
[themographics.com/wordpress/docdirect/comments/feed/index.html]
[themographics.com/wordpress/docdirect/sample-page/feed/index.html]
[themographics.com/wordpress/docdirect/feed/index.html]
[themographics.com/wordpress/docdirect/wp-includes/js/jquery/jqueryb8ff.js]
[themographics.com/wordpress/docdirect/wp-includes/js/jquery/jquery-migrate.min330a.js]
[themographics.com/wordpress/docdirect/wp-includes/js/plupload/plupload.full.mincc91.js]
[themographics.com/wordpress/docdirect/wp-content/themes/docdirect/js/countdown1bba.js]
[themographics.com/wordpress/docdirect/wp-content/plugins/unyson/framework/static/js/fw-form-helpers1c9b.js]
[themographics.com/wordpress/docdirect/xmlrpc0db0.php]
[themographics.com/wordpress/docdirect/wp-includes/wlwmanifest.xml]
[themographics.com/wordpress/docdirect/wp-json/index.html]
[themographics.com/wordpress/docdirect/wp-json/oembed/1.0/embed4df4.json]
[themographics.com/wordpress/docdirect/wp-json/oembed/1.0/embed1c2d]
[themographics.com/wordpress/docdirect/wp-content/themes/docdirect/images/logo.png]
[themographics.com/wordpress/docdirect/wp-content/themes/docdirect/images/singin_icon.png]
[themographics.com/wordpress/docdirect/wp-content/uploads/2016/03/bgparallax-01.jpg]
[themographics.com/wordpress/docdirect/wp-content/uploads/2016/04/9-275x191.jpg]
[themographics.com/wordpress/docdirect/dir-search/indexf480.html]
[themographics.com/wordpress/docdirect/wp-content/themes/docdirect/images/user275x191.jpg]
[themographics.com/wordpress/docdirect/dir-search/index905a.html]
[themographics.com/wordpress/docdirect/wp-content/uploads/2016/04/img-01-1-275x191.jpg]
[themographics.com/wordpress/docdirect/dir-search/index3a88.html]
[themographics.com/wordpress/docdirect/dir-search/index679e.html]
[themographics.com/wordpress/docdirect/wp-content/uploads/2016/04/img-04-1-275x191.26.delayed]
[themographics.com/wordpress/docdirect/dir-search/index0565.html]
[themographics.com/wordpress/docdirect/dir-search/index2e50.html]
[themographics.com/wordpress/docdirect/wp-content/uploads/2016/04/img-02-1-275x191.jpg]
[themographics.com/wordpress/docdirect/dir-search/indexd1fd.html]
[themographics.com/wordpress/docdirect/dir-search/indexb92a.html]
[themographics.com/wordpress/docdirect/wp-content/uploads/2016/03/img-01.png]
[themographics.com/wordpress/docdirect/dir-search/indexb4de.html]
[themographics.com/wordpress/docdirect/dir-search/indexfab8.html]
[themographics.com/wordpress/docdirect/wp-content/uploads/2016/03/img-02.png]
[themographics.com/wordpress/docdirect/wp-content/uploads/2016/04/img-01-1-150x150.jpg]
[themographics.com/wordpress/docdirect/wp-content/uploads/2016/08/bgparallax-03.jpg]
[themographics.com/wordpress/docdirect/wp-content/uploads/2016/08/img-01.jpg]
[themographics.com/wordpress/docdirect/wp-content/uploads/2016/08/img-02.jpg]
[themographics.com/wordpress/docdirect/wp-content/uploads/2016/08/img-03-1.jpg]
[themographics.com/wordpress/docdirect/wp-content/uploads/2016/04/logo2.png]
[themographics.com/wordpress/docdirect/wp-content/themes/docdirect/images/user150x150.jpg]
[themographics.com/wordpress/docdirect/wp-content/plugins/docdirect_core/js/functionsd5f7.js]
[themographics.com/wordpress/docdirect/wp-content/themes/docdirect/js/vendor/bootstrap.min1bba.js]
[themographics.com/wordpress/docdirect/wp-includes/js/jquery/ui/core.mine899.js]
[themographics.com/wordpress/docdirect/wp-includes/js/jquery/ui/widget.mine899.js]
[themographics.com/wordpress/docdirect/wp-includes/js/jquery/ui/mouse.mine899.js]
[themographics.com/wordpress/docdirect/wp-includes/js/jquery/ui/sortable.mine899.js]
[themographics.com/wordpress/docdirect/wp-includes/js/jquery/ui/slider.mine899.js]
[themographics.com/wordpress/docdirect/wp-includes/js/underscore.min4511.js]
[themographics.com/wordpress/docdirect/wp-includes/js/wp-util.min1c9b.js]
[themographics.com/wordpress/docdirect/wp-content/themes/docdirect/js/docdirect_functions1bba.js]
[themographics.com/wordpress/docdirect/wp-content/themes/docdirect/js/user_profile1bba.js]
[themographics.com/wordpress/docdirect/wp-content/themes/docdirect/js/moment1bba.js]
[themographics.com/wordpress/docdirect/wp-content/themes/docdirect/js/bookings1bba.js]
[themographics.com/wordpress/docdirect/wp-content/themes/docdirect/js/parallax1bba.js]
[themographics.com/wordpress/docdirect/wp-content/themes/docdirect/js/owl.carousel1bba.js]
[themographics.com/wordpress/docdirect/wp-content/themes/docdirect/js/prettyPhoto1bba.js]
[themographics.com/wordpress/docdirect/wp-content/themes/docdirect/js/datetimepicker1bba.js]
[themographics.com/wordpress/docdirect/wp-content/themes/docdirect/js/appear1bba.js]
[themographics.com/wordpress/docdirect/wp-content/themes/docdirect/js/countTo1bba.js]
[themographics.com/wordpress/docdirect/wp-content/themes/docdirect/js/sticky_message1bba.js]
[themographics.com/wordpress/docdirect/wp-content/themes/docdirect/js/vendor/modernizr-2.8.3-respond-1.4.2.min1bba.js]
[www.google.com/recaptcha/apica85.js]
[themographics.com/wordpress/docdirect/wp-content/themes/docdirect/js/chosen.jquery1bba.js]
[themographics.com/wordpress/docdirect/wp-content/plugins/unyson/framework/extensions/shortcodes/shortcodes/section/static/js/jquery.fs.wallpaper1c9b.js]
[themographics.com/wordpress/docdirect/wp-content/plugins/unyson/framework/extensions/shortcodes/shortcodes/section/static/js/scripts1c9b.js]
[themographics.com/wordpress/docdirect/wp-includes/js/wp-embed.min1c9b.js]
[themographics.com/wordpress/docdirect/wp-content/themes/docdirect/js/map/markerclusterer.min1bba.js]
[themographics.com/wordpress/docdirect/wp-content/themes/docdirect/js/map/infobox1bba.js]
[themographics.com/wordpress/docdirect/wp-content/themes/docdirect/js/map/map1bba.js]
[themographics.com/wordpress/docdirect/wp-content/themes/docdirect/js/docdir_maps1c9b.js]
[themographics.com/wordpress/docdirect/index.html]
[themographics.com/wordpress/docdirect/xmlrpc.php]
[themographics.com/wordpress/docdirect/wp-content/themes/docdirect/fonts/glyphicons-halflings-regular.eot]
[themographics.com/wordpress/docdirect/wp-content/themes/docdirect/fonts/glyphicons-halflings-regulard41d.eot]
[themographics.com/wordpress/docdirect/wp-content/themes/docdirect/fonts/glyphicons-halflings-regular.woff2]
[themographics.com/wordpress/docdirect/wp-content/themes/docdirect/fonts/glyphicons-halflings-regular.woff]
[themographics.com/wordpress/docdirect/wp-content/themes/docdirect/fonts/glyphicons-halflings-regular.ttf]
[themographics.com/wordpress/docdirect/wp-content/themes/docdirect/css/bootstrap.min1bba.css]
[themographics.com/wordpress/docdirect/wp-content/themes/docdirect/fonts/fontawesome-webfont3295.eot]
[themographics.com/wordpress/docdirect/wp-content/themes/docdirect/fonts/fontawesome-webfontd41d.eot]
[themographics.com/wordpress/docdirect/wp-content/themes/docdirect/fonts/fontawesome-webfont3295.woff2]
[themographics.com/wordpress/docdirect/wp-content/themes/docdirect/fonts/fontawesome-webfont3295.woff]
[themographics.com/wordpress/docdirect/wp-content/themes/docdirect/fonts/fontawesome-webfont3295.ttf]
[themographics.com/wordpress/docdirect/wp-content/themes/docdirect/css/font-awesome.min1bba.css]
[themographics.com/wordpress/docdirect/wp-content/themes/docdirect/css/normalize1bba.css]
[themographics.com/wordpress/docdirect/wp-content/themes/docdirect/fonts/icomoon5c19.eot]
[themographics.com/wordpress/docdirect/wp-content/themes/docdirect/fonts/icomoon5c19.ttf]
[themographics.com/wordpress/docdirect/wp-content/themes/docdirect/fonts/icomoon5c19.woff]
[themographics.com/wordpress/docdirect/wp-content/themes/docdirect/css/icomoon1bba.css]
[themographics.com/wordpress/docdirect/wp-content/themes/docdirect/images/grabbing.png]
[themographics.com/wordpress/docdirect/wp-content/themes/docdirect/css/owl.carousel1bba.css]
[themographics.com/wordpress/docdirect/wp-content/themes/docdirect/images/AjaxLoader.gif]
[themographics.com/wordpress/docdirect/wp-content/themes/docdirect/css/owl.theme1bba.css]
[themographics.com/wordpress/docdirect/wp-content/themes/docdirect/images/prettyPhoto/default/sprite.png]
[themographics.com/wordpress/docdirect/wp-content/themes/docdirect/images/prettyPhoto/default/sprite_x.png]
[themographics.com/wordpress/docdirect/wp-content/themes/docdirect/images/prettyPhoto/default/sprite_y.png]
[themographics.com/wordpress/docdirect/wp-content/themes/docdirect/images/prettyPhoto/default/sprite_next.png]
[themographics.com/wordpress/docdirect/wp-content/themes/docdirect/images/prettyPhoto/default/sprite_prev.png]
[themographics.com/wordpress/docdirect/wp-content/themes/docdirect/images/prettyPhoto/default/default_thumb.png]
[themographics.com/wordpress/docdirect/wp-content/themes/docdirect/images/prettyPhoto/default/loader.gif]
[themographics.com/wordpress/docdirect/wp-content/themes/docdirect/images/prettyPhoto/light_rounded/sprite.png]
[themographics.com/wordpress/docdirect/wp-content/themes/docdirect/images/prettyPhoto/light_rounded/btnNext.png]
[themographics.com/wordpress/docdirect/wp-content/themes/docdirect/images/prettyPhoto/light_rounded/btnPrevious.png]
[themographics.com/wordpress/docdirect/wp-content/themes/docdirect/images/prettyPhoto/dark_rounded/sprite.png]
[themographics.com/wordpress/docdirect/wp-content/themes/docdirect/images/prettyPhoto/dark_rounded/contentPattern.png]
[themographics.com/wordpress/docdirect/wp-content/themes/docdirect/images/prettyPhoto/dark_rounded/btnNext.png]
[themographics.com/wordpress/docdirect/wp-content/themes/docdirect/images/prettyPhoto/dark_rounded/btnPrevious.png]
[themographics.com/wordpress/docdirect/wp-content/themes/docdirect/images/prettyPhoto/dark_rounded/loader.gif]
[themographics.com/wordpress/docdirect/wp-content/themes/docdirect/images/prettyPhoto/dark_square/loader.gif]
[themographics.com/wordpress/docdirect/wp-content/themes/docdirect/images/prettyPhoto/dark_square/sprite.png]
[themographics.com/wordpress/docdirect/wp-content/themes/docdirect/images/prettyPhoto/dark_square/btnNext.png]
[themographics.com/wordpress/docdirect/wp-content/themes/docdirect/images/prettyPhoto/dark_square/btnPrevious.png]
[themographics.com/wordpress/docdirect/wp-content/themes/docdirect/images/prettyPhoto/light_square/sprite.png]
[themographics.com/wordpress/docdirect/wp-content/themes/docdirect/images/prettyPhoto/light_square/btnNext.png]
[themographics.com/wordpress/docdirect/wp-content/themes/docdirect/images/prettyPhoto/light_square/btnPrevious.png]
[themographics.com/wordpress/docdirect/wp-content/themes/docdirect/images/prettyPhoto/facebook/sprite.png]
[themographics.com/wordpress/docdirect/wp-content/themes/docdirect/images/prettyPhoto/facebook/contentPatternTop.png]
[themographics.com/wordpress/docdirect/wp-content/themes/docdirect/images/prettyPhoto/facebook/contentPatternLeft.png]
[themographics.com/wordpress/docdirect/wp-content/themes/docdirect/images/prettyPhoto/facebook/contentPatternRight.png]
[themographics.com/wordpress/docdirect/wp-content/themes/docdirect/images/prettyPhoto/facebook/loader.gif]
[themographics.com/wordpress/docdirect/wp-content/themes/docdirect/images/prettyPhoto/facebook/btnNext.png]
[themographics.com/wordpress/docdirect/wp-content/themes/docdirect/images/prettyPhoto/facebook/btnPrevious.png]
[themographics.com/wordpress/docdirect/wp-content/themes/docdirect/images/prettyPhoto/facebook/contentPatternBottom.png]
[themographics.com/wordpress/docdirect/wp-content/themes/docdirect/images/prettyPhoto/facebook/default_thumbnail.gif]
[themographics.com/wordpress/docdirect/wp-content/themes/docdirect/images/prettyPhoto/light_rounded/loader.gif]
[themographics.com/wordpress/docdirect/wp-content/themes/docdirect/css/prettyPhoto1bba.css]
[themographics.com/wordpress/docdirect/wp-content/themes/docdirect/images/shadow.png]
[themographics.com/wordpress/docdirect/wp-content/themes/docdirect/images/bg-commingsoon.jpg]
[themographics.com/wordpress/docdirect/wp-content/themes/docdirect/images/header_bg.jpg]
[themographics.com/wordpress/docdirect/wp-content/themes/docdirect/images/pattern.jpg]
[themographics.com/wordpress/docdirect/wp-content/themes/docdirect/images/map_loader.gif]
[themographics.com/wordpress/docdirect/wp-content/themes/docdirect/images/pattern.png]
[themographics.com/wordpress/docdirect/wp-content/themes/docdirect/images/icon-01.png]
[themographics.com/wordpress/docdirect/wp-content/themes/docdirect/images/icon-02.png]
[themographics.com/wordpress/docdirect/wp-content/themes/docdirect/style1bba.css]
[themographics.com/wordpress/docdirect/wp-content/themes/docdirect/css/typo1bba.css]
[themographics.com/wordpress/docdirect/wp-content/themes/docdirect/css/transitions1bba.css]
[themographics.com/wordpress/docdirect/wp-content/themes/docdirect/css/responsive1bba.css]
[themographics.com/wordpress/docdirect/wp-content/themes/docdirect/css/jquery-ui1bba.css]
[themographics.com/wordpress/docdirect/wp-content/themes/docdirect/css/color1bba.css]
[themographics.com/wordpress/docdirect/wp-content/themes/docdirect/css/datetimepicker1bba.css]
[themographics.com/wordpress/docdirect/wp-content/themes/docdirect/images/chosen-sprite.png]
[themographics.com/wordpress/docdirect/wp-content/themes/docdirect/images/chosen-sprite@2x.png]
[themographics.com/wordpress/docdirect/wp-content/themes/docdirect/css/chosen1bba.css]
[themographics.com/wordpress/docdirect/wp-content/themes/docdirect/framework-customizations/extensions/breadcrumbs/static/css/style1c9b.css]
[themographics.com/wordpress/docdirect/wp-content/plugins/unyson/framework/extensions/builder/static/css/frontend-grid578f.css]
[themographics.com/wordpress/docdirect/wp-content/plugins/unyson/framework/extensions/forms/static/css/frontenda23f.css]
[themographics.com/wordpress/docdirect/wp-content/plugins/unyson/framework/extensions/shortcodes/shortcodes/section/static/css/jquery.fs.wallpaper1c9b.css]
[themographics.com/wordpress/docdirect/wp-content/plugins/unyson/framework/extensions/shortcodes/shortcodes/section/static/css/styles1c9b.css]
[themographics.com/wordpress/docdirect/wp-content/plugins/unyson/framework/extensions/shortcodes/shortcodes/button/static/css/styles1c9b.css]
[themographics.com/wordpress/docdirect/wp-content/plugins/unyson/framework/extensions/shortcodes/shortcodes/call-to-action/static/css/styles1c9b.css]
[themographics.com/wordpress/docdirect/wp-json/oembed/1.0/embed532f.json]
[themographics.com/wordpress/docdirect/wp-json/oembed/1.0/embede465]
[themographics.com/wordpress/docdirect/wp-includes/js/jquery/ui/position.mine899.js]
[themographics.com/wordpress/docdirect/wp-includes/js/jquery/ui/menu.mine899.js]
[themographics.com/wordpress/docdirect/wp-includes/js/wp-a11y.min1c9b.js]
[themographics.com/wordpress/docdirect/wp-includes/js/jquery/ui/autocomplete.mine899.js]
[themographics.com/wordpress/docdirect/wp-content/themes/docdirect/js/gmap3.min1c9b.js]
[themographics.com/wordpress/docdirect/home-2/index.html]
[themographics.com/wordpress/docdirect/wp-json/oembed/1.0/embed9722.json]
[themographics.com/wordpress/docdirect/wp-json/oembed/1.0/embede7ed]
[themographics.com/wordpress/docdirect/wp-content/uploads/2016/08/banner-img1.jpg]
[themographics.com/wordpress/docdirect/wp-content/uploads/2016/08/banner-img2.jpg]
[themographics.com/wordpress/docdirect/wp-content/uploads/2016/08/banner-img3.jpg]
[themographics.com/wordpress/docdirect/wp-content/uploads/2016/08/aboutus-img.jpg]
[themographics.com/wordpress/docdirect/wp-content/uploads/2016/08/bgparallax-04.jpg]
[themographics.com/wordpress/docdirect/home-3/index.html]
[themographics.com/wordpress/docdirect/wp-json/oembed/1.0/embed74b3.json]
[themographics.com/wordpress/docdirect/wp-json/oembed/1.0/embed9788]
[themographics.com/wordpress/docdirect/wp-content/uploads/2016/04/img-01-1-270x270.jpg]
[themographics.com/wordpress/docdirect/wp-content/uploads/2016/04/img-01-1-370x200.jpg]
[themographics.com/wordpress/docdirect/wp-content/uploads/2016/04/img-03-1-270x270.jpg]
[themographics.com/wordpress/docdirect/wp-content/uploads/2016/04/img-03-1-370x200.jpg]
[themographics.com/wordpress/docdirect/wp-content/uploads/2016/04/img-02-1-270x270.jpg]
[themographics.com/wordpress/docdirect/wp-content/uploads/2016/04/img-02-1-370x200.jpg]
[themographics.com/wordpress/docdirect/wp-content/uploads/2016/04/img-06-1-270x270.jpg]
[themographics.com/wordpress/docdirect/wp-content/uploads/2016/04/img-06-1-370x200.jpg]
[themographics.com/wordpress/docdirect/wp-content/uploads/2016/04/img-05-1-270x270.jpg]
[themographics.com/wordpress/docdirect/wp-content/uploads/2016/04/img-05-1-370x200.jpg]
[themographics.com/wordpress/docdirect/wp-content/uploads/2016/04/img-07-1-270x270.jpg]
[themographics.com/wordpress/docdirect/wp-content/uploads/2016/04/img-07-1-370x200.jpg]
[themographics.com/wordpress/docdirect/wp-content/uploads/2016/04/img-04-1-270x270.jpg]
[themographics.com/wordpress/docdirect/wp-content/uploads/2016/04/img-04-1-370x200.jpg]
[themographics.com/wordpress/docdirect/dir-search/info@domain.b9.delayed]
[themographics.com/wordpress/docdirect/dir-search/indexf480.html]
[themographics.com/wordpress/docdirect/wp-content/uploads/2016/04/3-1-270x270.jpg]
[themographics.com/wordpress/docdirect/wp-content/uploads/2016/04/3-1-370x200.jpg]
[themographics.com/wordpress/docdirect/wp-content/uploads/2016/04/7-2-270x270.jpg]
[themographics.com/wordpress/docdirect/wp-content/uploads/2016/04/7-2-370x200.jpg]
[themographics.com/wordpress/docdirect/wp-content/uploads/2016/04/01-2-270x270.jpg]
[themographics.com/wordpress/docdirect/wp-content/uploads/2016/04/01-2-370x200.jpg]
[themographics.com/wordpress/docdirect/wp-content/uploads/2016/04/4-2-270x270.jpg]
[themographics.com/wordpress/docdirect/wp-content/uploads/2016/04/4-2-370x200.jpg]
[themographics.com/wordpress/docdirect/wp-content/uploads/2016/04/6-2-270x270.jpg]
[themographics.com/wordpress/docdirect/wp-content/uploads/2016/04/6-2-370x200.jpg]
[themographics.com/wordpress/docdirect/wp-content/uploads/2016/04/5-2-270x270.jpg]
[themographics.com/wordpress/docdirect/wp-content/uploads/2016/04/5-2-370x200.jpg]
[themographics.com/wordpress/docdirect/wp-content/uploads/2016/04/2-1-270x270.jpg]
[themographics.com/wordpress/docdirect/wp-content/uploads/2016/04/2-1-370x200.jpg]
[themographics.com/wordpress/docdirect/dir-search/index905a.html]
[themographics.com/wordpress/docdirect/wp-content/uploads/2016/04/8-1-270x270.jpg]
[themographics.com/wordpress/docdirect/wp-content/uploads/2016/04/8-1-370x200.jpg]
[themographics.com/wordpress/docdirect/wp-content/uploads/2016/04/01-1-270x270.jpg]
[themographics.com/wordpress/docdirect/wp-content/uploads/2016/04/01-1-370x200.jpg]
[themographics.com/wordpress/docdirect/wp-content/uploads/2016/04/4-1-270x270.jpg]
[themographics.com/wordpress/docdirect/wp-content/uploads/2016/04/4-1-370x200.jpg]
[themographics.com/wordpress/docdirect/wp-content/uploads/2016/04/6-1-270x270.jpg]
[themographics.com/wordpress/docdirect/wp-content/uploads/2016/04/6-1-370x200.jpg]
[themographics.com/wordpress/docdirect/wp-content/uploads/2016/04/7-1-270x270.jpg]
[themographics.com/wordpress/docdirect/wp-content/uploads/2016/04/7-1-370x200.jpg]
[themographics.com/wordpress/docdirect/wp-content/uploads/2016/04/5-1-270x270.jpg]
[themographics.com/wordpress/docdirect/wp-content/uploads/2016/04/5-1-370x200.jpg]
[themographics.com/wordpress/docdirect/dir-search/index3a88.html]
[themographics.com/wordpress/docdirect/wp-content/uploads/2016/04/3-4-270x270.jpg]
[themographics.com/wordpress/docdirect/wp-content/uploads/2016/04/3-4-370x200.jpg]
[themographics.com/wordpress/docdirect/wp-content/uploads/2016/04/2-4-270x270.jpg]
[themographics.com/wordpress/docdirect/wp-content/uploads/2016/04/2-4-370x200.jpg]
[themographics.com/wordpress/docdirect/wp-content/uploads/2016/04/01-4-270x270.jpg]
[themographics.com/wordpress/docdirect/wp-content/uploads/2016/04/01-4-370x200.jpg]
[themographics.com/wordpress/docdirect/wp-content/uploads/2016/04/5-4-270x270.jpg]
[themographics.com/wordpress/docdirect/wp-content/uploads/2016/04/5-4-370x200.jpg]
[themographics.com/wordpress/docdirect/wp-content/uploads/2016/04/4-4-270x270.jpg]
[themographics.com/wordpress/docdirect/wp-content/uploads/2016/04/4-4-370x200.jpg]
[themographics.com/wordpress/docdirect/wp-content/uploads/2016/04/3-3-270x270.jpg]
[themographics.com/wordpress/docdirect/wp-content/uploads/2016/04/3-3-370x200.jpg]
[themographics.com/wordpress/docdirect/wp-content/uploads/2016/04/2-3-270x270.jpg]
[themographics.com/wordpress/docdirect/wp-content/uploads/2016/04/2-3-370x200.jpg]
[themographics.com/wordpress/docdirect/wp-content/uploads/2016/04/01-3-270x270.jpg]
[themographics.com/wordpress/docdirect/wp-content/uploads/2016/04/01-3-370x200.jpg]
[themographics.com/wordpress/docdirect/dir-search/index679e.html]
[themographics.com/wordpress/docdirect/wp-content/uploads/2016/04/9-1-270x270.jpg]
[themographics.com/wordpress/docdirect/wp-content/uploads/2016/04/9-1-370x200.jpg]
[themographics.com/wordpress/docdirect/wp-content/uploads/2016/04/7-3-270x270.jpg]
[themographics.com/wordpress/docdirect/wp-content/uploads/2016/04/7-3-370x200.jpg]
[themographics.com/wordpress/docdirect/wp-content/uploads/2016/04/8-2-270x270.jpg]
[themographics.com/wordpress/docdirect/wp-content/uploads/2016/04/8-2-370x200.jpg]
[themographics.com/wordpress/docdirect/wp-content/uploads/2016/04/6-3-270x270.jpg]
[themographics.com/wordpress/docdirect/wp-content/uploads/2016/04/6-3-370x200.jpg]
[themographics.com/wordpress/docdirect/wp-content/uploads/2016/04/5-3-270x270.jpg]
[themographics.com/wordpress/docdirect/wp-content/uploads/2016/04/5-3-370x200.jpg]
[themographics.com/wordpress/docdirect/wp-content/uploads/2016/04/4-3-270x270.jpg]
[themographics.com/wordpress/docdirect/wp-content/uploads/2016/04/4-3-370x200.jpg]
[themographics.com/wordpress/docdirect/wp-content/uploads/2016/04/3-2-270x270.jpg]
[themographics.com/wordpress/docdirect/wp-content/uploads/2016/04/3-2-370x200.jpg]
[themographics.com/wordpress/docdirect/wp-content/uploads/2016/04/2-2-270x270.jpg]
[themographics.com/wordpress/docdirect/wp-content/uploads/2016/04/2-2-370x200.jpg]
[themographics.com/wordpress/docdirect/wp-content/uploads/2016/04/1-270x270.jpg]
[themographics.com/wordpress/docdirect/wp-content/uploads/2016/04/1-370x200.jpg]
[themographics.com/wordpress/docdirect/dir-search/index0565.html]
[themographics.com/wordpress/docdirect/wp-content/uploads/2016/04/10-270x270.jpg]
[themographics.com/wordpress/docdirect/wp-content/uploads/2016/04/10-370x200.jpg]
[themographics.com/wordpress/docdirect/wp-content/uploads/2016/04/3-270x270.jpg]
[themographics.com/wordpress/docdirect/wp-content/uploads/2016/04/3-370x200.jpg]
[themographics.com/wordpress/docdirect/wp-content/uploads/2016/04/2-270x270.jpg]
[themographics.com/wordpress/docdirect/wp-content/uploads/2016/04/2-370x200.jpg]
[themographics.com/wordpress/docdirect/wp-content/uploads/2016/04/9-270x270.jpg]
[themographics.com/wordpress/docdirect/wp-content/uploads/2016/04/9-370x200.jpg]
[themographics.com/wordpress/docdirect/wp-content/uploads/2016/04/8-270x270.jpg]
[themographics.com/wordpress/docdirect/wp-content/uploads/2016/04/8-370x200.jpg]
[themographics.com/wordpress/docdirect/wp-content/uploads/2016/04/5-270x270.jpg]
[themographics.com/wordpress/docdirect/wp-content/uploads/2016/04/5-370x200.jpg]
[themographics.com/wordpress/docdirect/wp-content/uploads/2016/04/6-270x270.jpg]
[themographics.com/wordpress/docdirect/wp-content/uploads/2016/04/6-370x200.jpg]
[themographics.com/wordpress/docdirect/wp-content/uploads/2016/04/4-270x270.jpg]
[themographics.com/wordpress/docdirect/wp-content/uploads/2016/04/4-370x200.jpg]
[themographics.com/wordpress/docdirect/wp-content/uploads/2016/04/7-270x270.jpg]
[themographics.com/wordpress/docdirect/wp-content/uploads/2016/04/7-370x200.jpg]
[themographics.com/wordpress/docdirect/dir-search/index2e50.html]
[themographics.com/wordpress/docdirect/dir-search/indexd1fd.html]
[themographics.com/wordpress/docdirect/dir-search/indexb92a.html]
[themographics.com/wordpress/docdirect/wp-content/themes/docdirect/images/user270x270.jpg]
[themographics.com/wordpress/docdirect/wp-content/themes/docdirect/images/user370x200.jpg]
[themographics.com/wordpress/docdirect/wp-content/uploads/2016/04/img-09-1-270x270.jpg]
[themographics.com/wordpress/docdirect/wp-content/uploads/2016/04/img-09-1-370x200.jpg]
[themographics.com/wordpress/docdirect/dir-search/indexfab8.html]
[themographics.com/wordpress/docdirect/dir-search/indexb4de.html]
[themographics.com/wordpress/docdirect/wp-json/oembed/1.0/embed6ab4.json]
[themographics.com/wordpress/docdirect/wp-json/oembed/1.0/embedf22a]
[themographics.com/wordpress/docdirect/wp-content/uploads/2016/04/img-01-470x305.jpg]
[themographics.com/wordpress/docdirect/wp-content/uploads/2016/04/img-03-470x305.jpg]
[themographics.com/wordpress/docdirect/wp-content/uploads/2016/04/img-04-470x305.jpg]
[themographics.com/wordpress/docdirect/wp-content/uploads/2016/04/img-02-470x305.jpg]
[themographics.com/wordpress/docdirect/wp-content/uploads/2016/04/img-05-470x305.jpg]
[farm4.staticflickr.com/3940/15647274066_2ee48c3fe9_s.jpg]
[farm4.staticflickr.com/3945/15485436268_846ccca178_s.jpg]
[farm4.staticflickr.com/3956/15668911091_4ef20118b5_s.jpg]
[farm6.staticflickr.com/5605/15484954949_a4e97a9dc5_s.jpg]
[farm8.staticflickr.com/7490/15647103116_1e4b9033f0_s.jpg]
[farm6.staticflickr.com/5599/15668909741_eaf3db4054_s.jpg]
[themographics.com/wordpress/docdirect/blog-list/index.html]
[themographics.com/wordpress/docdirect/wp-json/oembed/1.0/embed750d.json]
[themographics.com/wordpress/docdirect/wp-json/oembed/1.0/embed0bca]
[themographics.com/wordpress/docdirect/wp-content/uploads/2016/04/img-01-375x305.jpg]
[themographics.com/wordpress/docdirect/wp-content/uploads/2016/04/img-03-375x305.jpg]
[themographics.com/wordpress/docdirect/wp-content/uploads/2016/04/img-04-375x305.jpg]
[themographics.com/wordpress/docdirect/wp-content/uploads/2016/04/img-02-375x305.jpg]
[themographics.com/wordpress/docdirect/wp-content/uploads/2016/04/img-05-375x305.jpg]
[themographics.com/wordpress/docdirect/wp-content/uploads/2016/04/img-07-375x305.jpg]
[themographics.com/wordpress/docdirect/wp-content/uploads/2016/04/img-08-375x305.jpg]
[themographics.com/wordpress/docdirect/wp-content/uploads/2016/04/img-10-375x305.jpg]
[themographics.com/wordpress/docdirect/blog-grid/index.html]
[themographics.com/wordpress/docdirect/family-clinic/feed/index.html]
[themographics.com/wordpress/docdirect/wp-json/oembed/1.0/embeda740.json]
[themographics.com/wordpress/docdirect/wp-json/oembed/1.0/embedaa84]
[themographics.com/wordpress/docdirect/wp-content/uploads/2016/04/img-01-1170x450.jpg]
[themographics.com/wordpress/docdirect/wp-includes/js/comment-reply.min1c9b.js]
[themographics.com/wordpress/docdirect/family-clinic/index.html]
[themographics.com/wordpress/docdirect/wp-json/oembed/1.0/embed1238.json]
[themographics.com/wordpress/docdirect/wp-json/oembed/1.0/embedd3d5]
[themographics.com/wordpress/docdirect/packages/index.html]
[themographics.com/wordpress/docdirect/wp-json/oembed/1.0/embed2fc3.json]
[themographics.com/wordpress/docdirect/wp-json/oembed/1.0/embed8568]
[themographics.com/wordpress/docdirect/wp-content/uploads/2016/03/contact-us.png]
[themographics.com/wordpress/docdirect/contact-us/index.html]
[themographics.com/wordpress/docdirect/wp-content/uploads/2016/10/FITNESS-CENTER.jpg]
[themographics.com/wordpress/docdirect/user/popular/feed/index.html]
[themographics.com/wordpress/docdirect/wp-content/uploads/2016/04/9-365x365.jpg]
[themographics.com/wordpress/docdirect/wp-content/uploads/2016/04/img-10.jpg]
[themographics.com/wordpress/docdirect/wp-content/uploads/2016/04/img-10-150x150.jpg]
[themographics.com/wordpress/docdirect/wp-content/uploads/2016/04/img-09.jpg]
[themographics.com/wordpress/docdirect/wp-content/uploads/2016/04/img-09-150x150.jpg]
[themographics.com/wordpress/docdirect/wp-content/uploads/2016/04/img-08.jpg]
[themographics.com/wordpress/docdirect/wp-content/uploads/2016/04/img-08-150x150.jpg]
[themographics.com/wordpress/docdirect/wp-content/uploads/2016/04/img-07.jpg]
[themographics.com/wordpress/docdirect/wp-content/uploads/2016/04/img-07-150x150.jpg]
[themographics.com/wordpress/docdirect/wp-content/uploads/2016/04/img-05.jpg]
[themographics.com/wordpress/docdirect/wp-content/uploads/2016/04/img-05-150x150.jpg]
[themographics.com/wordpress/docdirect/wp-content/uploads/2016/04/6-1-150x150.jpg]
[themographics.com/wordpress/docdirect/wp-content/themes/docdirect/js/jRate1c9b.js]
[themographics.com/wordpress/docdirect/wp-content/themes/docdirect/js/booking/js/intlTelInput1bba.js]
[themographics.com/wordpress/docdirect/user/popular/index.html]
[checkout.stripe.com/checkout1bba.js]
[themographics.com/wordpress/docdirect/wp-content/uploads/2016/12/bigstock-African-American-Womans-Hand-42092653-1920x450.jpg]
[themographics.com/wordpress/docdirect/user/professional/feed/index.html]
[themographics.com/wordpress/docdirect/wp-content/themes/docdirect/images/user365x365.jpg]
[themographics.com/wordpress/docdirect/wp-content/uploads/2016/10/DOCTOR.jpg]
[themographics.com/wordpress/docdirect/wp-content/uploads/2016/10/DOCTOR-150x150.jpg]
[themographics.com/wordpress/docdirect/user/professional/index.html]
[themographics.com/wordpress/docdirect/wp-content/uploads/2016/04/img-01-1-365x365.jpg]
[themographics.com/wordpress/docdirect/wp-content/uploads/2016/04/img-06.jpg]
[themographics.com/wordpress/docdirect/user/steve/feed/index.html]
[themographics.com/wordpress/docdirect/wp-content/uploads/2016/04/img-06-150x150.jpg]
[themographics.com/wordpress/docdirect/user/steve/index.html]
[themographics.com/wordpress/docdirect/wp-content/uploads/2016/04/img-04-1-365x365.jpg]
[themographics.com/wordpress/docdirect/user/carol/feed/index.html]
[themographics.com/wordpress/docdirect/user/carol/index.html]
[themographics.com/wordpress/docdirect/wp-content/uploads/2016/04/img-02-1-365x365.jpg]
[themographics.com/wordpress/docdirect/user/giovanni/feed/index.html]
[themographics.com/wordpress/docdirect/user/giovanni/index.html]
[themographics.com/wordpress/docdirect/dir-search/index9b30.html]
[themographics.com/wordpress/docdirect/dir-search/index124e.html]
[themographics.com/wordpress/docdirect/dir-search/indexbb82.html]
[themographics.com/wordpress/docdirect/dir-search/index5fb7.html]
[themographics.com/wordpress/docdirect/dir-search/index92c6.html]
[themographics.com/wordpress/docdirect/dir-search/indexd00b.html]
[themographics.com/wordpress/docdirect/dir-search/indexd030.html]
[themographics.com/wordpress/docdirect/dir-search/index465b.html]
[themographics.com/wordpress/docdirect/dir-search/index64b6.html]
[themographics.com/wordpress/docdirect/dir-search/indexc7d3.html]
[themographics.com/wordpress/docdirect/dir-search/indexaf94.html]
[themographics.com/wordpress/docdirect/dir-search/indexb294.html]
[themographics.com/wordpress/docdirect/dir-search/index85e5.html]
[themographics.com/wordpress/docdirect/dir-search/index0a3c.html]
[themographics.com/wordpress/docdirect/dir-search/index0d11.html]
[themographics.com/wordpress/docdirect/dir-search/indexe274.html]
[themographics.com/wordpress/docdirect/dir-search/indexe9c7.html]
[themographics.com/wordpress/docdirect/dir-search/indexbd74.html]
[themographics.com/wordpress/docdirect/dir-search/index586a.html]
[themographics.com/wordpress/docdirect/dir-search/index5338.html]
[themographics.com/wordpress/docdirect/dir-search/indexf6a6.html]
[themographics.com/wordpress/docdirect/dir-search/index4074.html]
[themographics.com/wordpress/docdirect/dir-search/index5c88.html]
[themographics.com/wordpress/docdirect/dir-search/index6403.html]
[themographics.com/wordpress/docdirect/dir-search/index2133.html]
[themographics.com/wordpress/docdirect/dir-search/index70b2.html]
[themographics.com/wordpress/docdirect/dir-search/index3a5c.html]
[themographics.com/wordpress/docdirect/dir-search/indexb992.html]
[themographics.com/wordpress/docdirect/dir-search/index2804.html]
[themographics.com/wordpress/docdirect/dir-search/indexe328.html]
[themographics.com/wordpress/docdirect/dir-search/indexa96e.html]
[themographics.com/wordpress/docdirect/dir-search/index2571.html]
[themographics.com/wordpress/docdirect/dir-search/index80e0.html]
[themographics.com/wordpress/docdirect/dir-search/index1ef1.html]
[themographics.com/wordpress/docdirect/dir-search/index5bb4.html]
[themographics.com/wordpress/docdirect/dir-search/indexd0d2.html]
[themographics.com/wordpress/docdirect/dir-search/indexcaa3.html]
[themographics.com/wordpress/docdirect/dir-search/indexdf0c.html]
[themographics.com/wordpress/docdirect/dir-search/index5ff6.html]
[themographics.com/wordpress/docdirect/dir-search/indexbae4.html]
[themographics.com/wordpress/docdirect/dir-search/index0acd.html]
[themographics.com/wordpress/docdirect/dir-search/indexac12.html]
[themographics.com/wordpress/docdirect/dir-search/index7fa1.html]
[themographics.com/wordpress/docdirect/dir-search/indexfd9f.html]
[themographics.com/wordpress/docdirect/info@domain.html]
[themographics.com/wordpress/docdirect/wp-json/oembed/1.0/embed3107.json]
[themographics.com/wordpress/docdirect/yoga-centers/feed/index.html]
[themographics.com/wordpress/docdirect/wp-json/oembed/1.0/embedb21f]
[themographics.com/wordpress/docdirect/wp-content/uploads/2016/04/img-05-1170x450.jpg]
[themographics.com/wordpress/docdirect/yoga-centers/index.html]
[themographics.com/wordpress/docdirect/wp-admin/load-styles2384.css]
[themographics.com/wordpress/docdirect/wp-login3433.html]
[themographics.com/wordpress/docdirect/wp-content/themes/docdirect/fonts/glyphicons-halflings-regular.svg]
[themographics.com/wordpress/docdirect/wp-content/themes/docdirect/fonts/fontawesome-webfont3295.svg]
[themographics.com/wordpress/docdirect/wp-content/themes/docdirect/fonts/icomoon5c19.svg]
[themographics.com/wordpress/docdirect/wp-content/themes/docdirect/images/ie.html]
[themographics.com/wordpress/docdirect/index2fa7.html]
[themographics.com/wordpress/docdirect/wp-content/themes/docdirect/images/geoicon.svg]
[themographics.com/wordpress/docdirect/home-2/info@domain.html]
[themographics.com/wordpress/docdirect/indexf763.html]
[themographics.com/wordpress/docdirect/home-3/info@domain.html]
[themographics.com/wordpress/docdirect/dir-search/index.html]
[themographics.com/wordpress/docdirect/index7d69.html]
[themographics.com/wordpress/docdirect/wp-content/uploads/2016/04/img-03-1-365x365.jpg]
[themographics.com/wordpress/docdirect/user/richard/feed/index.html]
[themographics.com/wordpress/docdirect/user/richard/index.html]
[themographics.com/wordpress/docdirect/wp-content/uploads/2016/04/img-06-1-365x365.jpg]
[themographics.com/wordpress/docdirect/wp-includes/images/media/default.png]
[themographics.com/wordpress/docdirect/user/ella/feed/index.html]
[themographics.com/wordpress/docdirect/user/ella/index.html]
[themographics.com/wordpress/docdirect/wp-content/uploads/2016/04/img-05-1-365x365.jpg]
[themographics.com/wordpress/docdirect/user/delia/feed/index.html]
[themographics.com/wordpress/docdirect/user/delia/index.html]
[themographics.com/wordpress/docdirect/wp-content/uploads/2016/04/img-07-1-365x365.jpg]
[themographics.com/wordpress/docdirect/user/celia/feed/index.html]
[themographics.com/wordpress/docdirect/user/celia/index.html]
[themographics.com/wordpress/docdirect/dir-search/page/2/indexf480.html]
[themographics.com/wordpress/docdirect/dir-search/info@domain.html]
[themographics.com/wordpress/docdirect/wp-content/uploads/2016/04/3-1-365x365.jpg]
[themographics.com/wordpress/docdirect/user/redwood/feed/index.html]
[themographics.com/wordpress/docdirect/user/redwood/index.html]
[themographics.com/wordpress/docdirect/wp-content/uploads/2016/04/7-2-365x365.jpg]
[themographics.com/wordpress/docdirect/user/lawrence/feed/index.html]
[themographics.com/wordpress/docdirect/user/lawrence/index.html]
[themographics.com/wordpress/docdirect/wp-content/uploads/2016/04/01-2-365x365.jpg]
[themographics.com/wordpress/docdirect/user/lakedrive/feed/index.html]
[themographics.com/wordpress/docdirect/user/lakedrive/index.html]
[themographics.com/wordpress/docdirect/wp-content/uploads/2016/04/4-2-365x365.jpg]
[themographics.com/wordpress/docdirect/user/hill/feed/index.html]
[themographics.com/wordpress/docdirect/user/hill/index.html]
[themographics.com/wordpress/docdirect/wp-content/uploads/2016/04/6-2-365x365.jpg]
[themographics.com/wordpress/docdirect/user/greene/feed/index.html]
[themographics.com/wordpress/docdirect/user/greene/index.html]
[themographics.com/wordpress/docdirect/wp-content/uploads/2016/04/5-2-365x365.jpg]
[themographics.com/wordpress/docdirect/user/frankford/feed/index.html]
[themographics.com/wordpress/docdirect/user/frankford/index.html]
[themographics.com/wordpress/docdirect/wp-content/uploads/2016/04/2-1-365x365.jpg]
[themographics.com/wordpress/docdirect/user/cliftonavenue/feed/index.html]
[themographics.com/wordpress/docdirect/user/cliftonavenue/index.html]
[themographics.com/wordpress/docdirect/wp-content/uploads/2016/10/CLINIC.jpg]
[themographics.com/wordpress/docdirect/wp-content/uploads/2016/04/8-1-365x365.jpg]
[themographics.com/wordpress/docdirect/user/trustcare/feed/index.html]
[themographics.com/wordpress/docdirect/user/trustcare/index.html]
[themographics.com/wordpress/docdirect/wp-content/uploads/2016/04/01-1-365x365.jpg]
[themographics.com/wordpress/docdirect/user/mivine/index.html]
[themographics.com/wordpress/docdirect/user/mivine/feed/index.html]
[themographics.com/wordpress/docdirect/wp-content/uploads/2016/04/4-1-365x365.jpg]
[themographics.com/wordpress/docdirect/user/good-care/feed/index.html]
[themographics.com/wordpress/docdirect/user/good-care/index.html]
[themographics.com/wordpress/docdirect/wp-content/uploads/2016/04/6-1-365x365.jpg]
[themographics.com/wordpress/docdirect/user/express-care/feed/index.html]
[themographics.com/wordpress/docdirect/user/express-care/index.html]
[themographics.com/wordpress/docdirect/wp-content/uploads/2016/04/7-1-365x365.jpg]
[themographics.com/wordpress/docdirect/user/docclinic/feed/index.html]
[themographics.com/wordpress/docdirect/user/docclinic/index.html]
[themographics.com/wordpress/docdirect/user/dcotors/feed/index.html]
[themographics.com/wordpress/docdirect/user/dcotors/index.html]
[themographics.com/wordpress/docdirect/wp-content/uploads/2016/04/01-270x270.html]
[themographics.com/wordpress/docdirect/wp-content/uploads/2016/04/01-370x200.html]
[themographics.com/wordpress/docdirect/wp-content/uploads/2016/04/5-1-365x365.jpg]
[themographics.com/wordpress/docdirect/user/careonline/feed/index.html]
[themographics.com/wordpress/docdirect/user/careonline/index.html]
[themographics.com/wordpress/docdirect/user/ambias/feed/index.html]
[themographics.com/wordpress/docdirect/user/ambias/index.html]
[themographics.com/wordpress/docdirect/wp-content/uploads/2016/04/02-270x270.html]
[themographics.com/wordpress/docdirect/wp-content/uploads/2016/04/02-370x200.html]
[themographics.com/wordpress/docdirect/wp-content/uploads/2016/10/PHARMACY.jpg]
[themographics.com/wordpress/docdirect/user/dakota/feed/index.html]
[themographics.com/wordpress/docdirect/wp-content/uploads/2016/04/3-4-365x365.jpg]
[themographics.com/wordpress/docdirect/user/dakota/index.html]
[themographics.com/wordpress/docdirect/wp-content/uploads/2016/04/2-4-365x365.jpg]
[themographics.com/wordpress/docdirect/user/dahls/feed/index.html]
[themographics.com/wordpress/docdirect/user/dahls/index.html]
[themographics.com/wordpress/docdirect/wp-content/uploads/2016/04/01-4-365x365.jpg]
[themographics.com/wordpress/docdirect/user/cvs/feed/index.html]
[themographics.com/wordpress/docdirect/user/cvs/index.html]
[themographics.com/wordpress/docdirect/wp-content/uploads/2016/04/5-4-365x365.jpg]
[themographics.com/wordpress/docdirect/user/buehler/feed/index.html]
[themographics.com/wordpress/docdirect/user/buehler/index.html]
[themographics.com/wordpress/docdirect/wp-content/uploads/2016/04/4-4-365x365.jpg]
[themographics.com/wordpress/docdirect/user/bjs/feed/index.html]
[themographics.com/wordpress/docdirect/user/bjs/index.html]
[themographics.com/wordpress/docdirect/wp-content/uploads/2016/04/3-3-365x365.jpg]
[themographics.com/wordpress/docdirect/user/bartell/feed/index.html]
[themographics.com/wordpress/docdirect/user/bartell/index.html]
[themographics.com/wordpress/docdirect/wp-content/uploads/2016/04/2-3-365x365.jpg]
[themographics.com/wordpress/docdirect/user/atlas/feed/index.html]
[themographics.com/wordpress/docdirect/user/atlas/index.html]
[themographics.com/wordpress/docdirect/wp-content/uploads/2016/04/01-3-365x365.jpg]
[themographics.com/wordpress/docdirect/user/acme/feed/index.html]
[themographics.com/wordpress/docdirect/user/acme/index.html]
[themographics.com/wordpress/docdirect/wp-content/uploads/2016/10/BLOOD-BANK.jpg]
[themographics.com/wordpress/docdirect/wp-content/uploads/2016/04/9-1-365x365.jpg]
[themographics.com/wordpress/docdirect/user/shifa/feed/index.html]
[themographics.com/wordpress/docdirect/user/shifa/index.html]
[themographics.com/wordpress/docdirect/wp-content/uploads/2016/04/7-3-365x365.jpg]
[themographics.com/wordpress/docdirect/user/san/feed/index.html]
[themographics.com/wordpress/docdirect/user/san/index.html]
[themographics.com/wordpress/docdirect/wp-content/uploads/2016/04/8-2-365x365.jpg]
[themographics.com/wordpress/docdirect/user/marshall/feed/index.html]
[themographics.com/wordpress/docdirect/user/marshall/index.html]
[themographics.com/wordpress/docdirect/wp-content/uploads/2016/04/6-3-365x365.jpg]
[themographics.com/wordpress/docdirect/user/houchin/feed/index.html]
[themographics.com/wordpress/docdirect/user/houchin/index.html]
[themographics.com/wordpress/docdirect/wp-content/uploads/2016/04/5-3-365x365.jpg]
[themographics.com/wordpress/docdirect/user/hema/feed/index.html]
[themographics.com/wordpress/docdirect/user/hema/index.html]
[themographics.com/wordpress/docdirect/wp-content/uploads/2016/04/4-3-365x365.jpg]
[themographics.com/wordpress/docdirect/user/delta/feed/index.html]
[themographics.com/wordpress/docdirect/user/delta/index.html]
[themographics.com/wordpress/docdirect/wp-content/uploads/2016/04/3-2-365x365.jpg]
[themographics.com/wordpress/docdirect/user/bloodbank/feed/index.html]
[themographics.com/wordpress/docdirect/user/bloodbank/index.html]
[themographics.com/wordpress/docdirect/wp-content/uploads/2016/04/2-2-365x365.jpg]
[themographics.com/wordpress/docdirect/user/california/feed/index.html]
[themographics.com/wordpress/docdirect/user/california/index.html]
[themographics.com/wordpress/docdirect/wp-content/uploads/2016/04/1-365x365.jpg]
[themographics.com/wordpress/docdirect/user/blood/feed/index.html]
[themographics.com/wordpress/docdirect/user/blood/index.html]
[themographics.com/wordpress/docdirect/wp-content/uploads/2016/04/10-365x365.jpg]
[themographics.com/wordpress/docdirect/user/dumbells/feed/index.html]
[themographics.com/wordpress/docdirect/user/dumbells/index.html]
[themographics.com/wordpress/docdirect/wp-content/uploads/2016/04/3-365x365.jpg]
[themographics.com/wordpress/docdirect/user/smart/feed/index.html]
[themographics.com/wordpress/docdirect/user/smart/index.html]
[themographics.com/wordpress/docdirect/wp-content/uploads/2016/04/2-365x365.jpg]
[themographics.com/wordpress/docdirect/user/slim/feed/index.html]
[themographics.com/wordpress/docdirect/user/slim/index.html]
[themographics.com/wordpress/docdirect/wp-content/uploads/2016/04/8-365x365.jpg]
[themographics.com/wordpress/docdirect/user/nowe/feed/index.html]
[themographics.com/wordpress/docdirect/user/nowe/index.html]
[themographics.com/wordpress/docdirect/wp-content/uploads/2016/04/5-365x365.jpg]
[themographics.com/wordpress/docdirect/user/island/feed/index.html]
[themographics.com/wordpress/docdirect/user/island/index.html]
[themographics.com/wordpress/docdirect/wp-content/uploads/2016/04/6-365x365.jpg]
[themographics.com/wordpress/docdirect/user/hilton/feed/index.html]
[themographics.com/wordpress/docdirect/user/hilton/index.html]
[themographics.com/wordpress/docdirect/wp-content/uploads/2016/04/4-365x365.jpg]
[themographics.com/wordpress/docdirect/user/great/feed/index.html]
[themographics.com/wordpress/docdirect/user/great/index.html]
[themographics.com/wordpress/docdirect/wp-content/uploads/2016/04/7-365x365.jpg]
[themographics.com/wordpress/docdirect/user/better/feed/index.html]
[themographics.com/wordpress/docdirect/user/better/index.html]
[themographics.com/wordpress/docdirect/dir-search/page/2/indexd1fd.html]
[themographics.com/wordpress/docdirect/dir-search/page/3/indexd1fd.html]
[themographics.com/wordpress/docdirect/dir-search/page/4/indexd1fd.html]
[themographics.com/wordpress/docdirect/dir-search/page/5/indexd1fd.html]
[themographics.com/wordpress/docdirect/dir-search/page/6/indexd1fd.html]
[themographics.com/wordpress/docdirect/dir-search/page/2/indexb92a.html]
[themographics.com/wordpress/docdirect/dir-search/page/3/indexb92a.html]
[themographics.com/wordpress/docdirect/dir-search/page/4/indexb92a.html]
[themographics.com/wordpress/docdirect/dir-search/page/5/indexb92a.html]
[themographics.com/wordpress/docdirect/dir-search/page/6/indexb92a.html]
[themographics.com/wordpress/docdirect/wp-content/uploads/2016/04/img-09-1-365x365.jpg]
[themographics.com/wordpress/docdirect/user/anna/feed/index.html]
[themographics.com/wordpress/docdirect/user/anna/index.html]
[themographics.com/wordpress/docdirect/dir-search/page/2/indexfab8.html]
[themographics.com/wordpress/docdirect/dir-search/page/3/indexfab8.html]
[themographics.com/wordpress/docdirect/dir-search/page/4/indexfab8.html]
[themographics.com/wordpress/docdirect/dir-search/page/5/indexfab8.html]
[themographics.com/wordpress/docdirect/dir-search/page/6/indexfab8.html]
[themographics.com/wordpress/docdirect/dir-search/page/2/indexb4de.html]
[themographics.com/wordpress/docdirect/dir-search/page/3/indexb4de.html]
[themographics.com/wordpress/docdirect/dir-search/page/4/indexb4de.html]
[themographics.com/wordpress/docdirect/dir-search/page/5/indexb4de.html]
[themographics.com/wordpress/docdirect/dir-search/page/6/indexb4de.html]
[themographics.com/wordpress/docdirect/indexf3dd.html]
[themographics.com/wordpress/docdirect/wp-json/oembed/1.0/embed1a4a.json]
[themographics.com/wordpress/docdirect/dermatology-clinic/feed/index.html]
[themographics.com/wordpress/docdirect/wp-json/oembed/1.0/embedd960]
[themographics.com/wordpress/docdirect/wp-content/uploads/2016/04/img-03-1170x450.jpg]
[themographics.com/wordpress/docdirect/dermatology-clinic/index.html]
[themographics.com/wordpress/docdirect/wp-json/oembed/1.0/embed7352.json]
[themographics.com/wordpress/docdirect/children-clinic/feed/index.html]
[themographics.com/wordpress/docdirect/wp-json/oembed/1.0/embed0fa8]
[themographics.com/wordpress/docdirect/wp-content/uploads/2016/04/img-04-1170x450.jpg]
[themographics.com/wordpress/docdirect/children-clinic/index.html]
[themographics.com/wordpress/docdirect/athletic-clubs/feed/index.html]
[themographics.com/wordpress/docdirect/wp-json/oembed/1.0/embed3a7c.json]
[themographics.com/wordpress/docdirect/wp-json/oembed/1.0/embedfe2f]
[themographics.com/wordpress/docdirect/wp-content/uploads/2016/04/img-02-1170x450.jpg]
[themographics.com/wordpress/docdirect/athletic-clubs/index.html]
[themographics.com/wordpress/docdirect/wp-content/uploads/2016/04/img-07-470x305.jpg]
[themographics.com/wordpress/docdirect/wp-content/uploads/2016/04/img-08-470x305.jpg]
[themographics.com/wordpress/docdirect/wp-content/uploads/2016/04/img-10-470x305.jpg]
[themographics.com/wordpress/docdirect/blog-list/page/2/index.html]
[themographics.com/wordpress/docdirect/wp-content/uploads/2016/04/img-10-1170x450.jpg]
[themographics.com/wordpress/docdirect/category/directory/feed/index.html]
[themographics.com/wordpress/docdirect/category/directory/index.html]
[themographics.com/wordpress/docdirect/wp-content/uploads/2016/04/img-07-1170x450.jpg]
[themographics.com/wordpress/docdirect/category/medical/feed/index.html]
[themographics.com/wordpress/docdirect/category/medical/index.html]
[themographics.com/wordpress/docdirect/wp-content/uploads/2016/04/img-08-1170x450.jpg]
[themographics.com/wordpress/docdirect/category/responsive/feed/index.html]
[themographics.com/wordpress/docdirect/category/responsive/index.html]
[themographics.com/wordpress/docdirect/category/unique/feed/index.html]
[themographics.com/wordpress/docdirect/category/unique/index.html]
[themographics.com/wordpress/docdirect/blog-list/info@domain.html]
[themographics.com/wordpress/docdirect/index4659.html]
[s7.addthis.com/js/250/addthis_widget1c9b.js]
[themographics.com/wordpress/docdirect/wp-json/oembed/1.0/embed2259.json]
[themographics.com/wordpress/docdirect/orthopedic-surgeon/feed/index.html]
[themographics.com/wordpress/docdirect/wp-json/oembed/1.0/embed8b2b]
[themographics.com/wordpress/docdirect/orthopedic-surgeon/index.html]
[themographics.com/wordpress/docdirect/wp-json/oembed/1.0/embed3345.json]
[themographics.com/wordpress/docdirect/pilates-centers/feed/index.html]
[themographics.com/wordpress/docdirect/wp-json/oembed/1.0/embed1517]
[themographics.com/wordpress/docdirect/pilates-centers/index.html]
[themographics.com/wordpress/docdirect/wp-json/oembed/1.0/embedd97b.json]
[themographics.com/wordpress/docdirect/nutritionist/feed/index.html]
[themographics.com/wordpress/docdirect/wp-json/oembed/1.0/embed7337]
[themographics.com/wordpress/docdirect/nutritionist/index.html]
[themographics.com/wordpress/docdirect/wp-json/oembed/1.0/embed035d.json]
[themographics.com/wordpress/docdirect/gyms/feed/index.html]
[themographics.com/wordpress/docdirect/wp-json/oembed/1.0/embed26e9]
[themographics.com/wordpress/docdirect/gyms/index.html]
[themographics.com/wordpress/docdirect/blog-grid/page/2/index.html]
[themographics.com/wordpress/docdirect/blog-grid/info@domain.html]
[themographics.com/wordpress/docdirect/index28c5.html]
[themographics.com/wordpress/docdirect/tag/directory/feed/index.html]
[themographics.com/wordpress/docdirect/tag/directory/index.html]
[themographics.com/wordpress/docdirect/tag/medical/feed/index.html]
[themographics.com/wordpress/docdirect/tag/medical/index.html]
[themographics.com/wordpress/docdirect/tag/responsive/feed/index.html]
[themographics.com/wordpress/docdirect/tag/responsive/index.html]
[themographics.com/wordpress/docdirect/tag/unique/feed/index.html]
[themographics.com/wordpress/docdirect/tag/unique/index.html]
[themographics.com/wordpress/docdirect/wp-content/uploads/2016/03/img-26.jpg]
[themographics.com/wordpress/docdirect/user/docdirect-admin/feed/index.html]
[themographics.com/wordpress/docdirect/wp-content/uploads/2016/03/img-26-150x150.jpg]
[themographics.com/wordpress/docdirect/wp-content/uploads/2016/03/img-19.jpg]
[themographics.com/wordpress/docdirect/wp-content/uploads/2016/03/img-19-150x150.jpg]
[themographics.com/wordpress/docdirect/wp-content/uploads/2016/03/img-20.jpg]
[themographics.com/wordpress/docdirect/wp-content/uploads/2016/03/img-20-150x150.jpg]
[themographics.com/wordpress/docdirect/user/docdirect-admin/index.html]
[themographics.com/wordpress/docdirect/family-clinic/index0e22.html]
[themographics.com/wordpress/docdirect/family-clinic/index04d3.html]
[themographics.com/wordpress/docdirect/family-clinic/indexec27.html]
[themographics.com/wordpress/docdirect/family-clinic/indexb901.html]
[themographics.com/wordpress/docdirect/family-clinic/info@domain.html]
[themographics.com/wordpress/docdirect/index5757.html]
[themographics.com/wordpress/docdirect/packages/info@domain.html]
[themographics.com/wordpress/docdirect/indexd8eb.html]
[themographics.com/wordpress/docdirect/contact-us/info@domain.html]
[themographics.com/wordpress/docdirect/user/popular/info@domain.html]
[themographics.com/wordpress/docdirect/wp-content/themes/docdirect/css/booking/img/flags.png]
[themographics.com/wordpress/docdirect/wp-content/themes/docdirect/css/booking/img/flags@2x.png]
[themographics.com/wordpress/docdirect/wp-content/themes/docdirect/css/booking/css/intlTelInput1bba.css]
[checkout.stripe.com/checkout1bba.js]
[themographics.com/wordpress/docdirect/user/professional/info@domain.html]
[themographics.com/wordpress/docdirect/user/steve/info@domain.html]
[themographics.com/wordpress/docdirect/user/carol/info@domain.html]
[themographics.com/wordpress/docdirect/user/giovanni/info@domain.html]
[themographics.com/wordpress/docdirect/indexb50d.html]
[themographics.com/wordpress/docdirect/yoga-centers/index267f.html]
[themographics.com/wordpress/docdirect/yoga-centers/index6f0d.html]
[themographics.com/wordpress/docdirect/yoga-centers/indexfaf1.html]
[themographics.com/wordpress/docdirect/yoga-centers/info@domain.html]
[themographics.com/wordpress/docdirect/wp-includes/fonts/dashicons.eot]
[themographics.com/wordpress/docdirect/wp-admin/images/loading.gif]
[themographics.com/wordpress/docdirect/wp-admin/images/w-logo-blue7a53.png]
[themographics.com/wordpress/docdirect/wp-admin/load-styles2384.css]
[themographics.com/wordpress/docdirect/wp-login.html]
[themographics.com/wordpress/docdirect/wp-login0ddc.html]
[themographics.com/wordpress/docdirect/dir-search/page/2/index.html]
[themographics.com/wordpress/docdirect/dir-search/page/3/index.html]
[themographics.com/wordpress/docdirect/dir-search/page/4/index.html]
[themographics.com/wordpress/docdirect/dir-search/page/5/index.html]
[themographics.com/wordpress/docdirect/dir-search/page/6/index.html]
[themographics.com/wordpress/docdirect/user/richard/info@domain.html]
[themographics.com/wordpress/docdirect/user/ella/info@domain.html]
[themographics.com/wordpress/docdirect/user/delia/info@domain.html]
[themographics.com/wordpress/docdirect/user/celia/info@domain.html]
[themographics.com/wordpress/docdirect/dir-search/page/2/info@domain.html]
[themographics.com/wordpress/docdirect/user/redwood/info@domain.html]
[themographics.com/wordpress/docdirect/user/lawrence/info@domain.html]
[themographics.com/wordpress/docdirect/user/lakedrive/info@domain.html]
[themographics.com/wordpress/docdirect/user/hill/info@domain.html]
[themographics.com/wordpress/docdirect/user/greene/info@domain.html]
[themographics.com/wordpress/docdirect/user/frankford/info@domain.html]
[themographics.com/wordpress/docdirect/user/cliftonavenue/info@domain.html]
[themographics.com/wordpress/docdirect/user/trustcare/info@domain.html]
[themographics.com/wordpress/docdirect/user/mivine/info@domain.html]
[themographics.com/wordpress/docdirect/user/good-care/info@domain.html]
[themographics.com/wordpress/docdirect/user/visitor/feed/index.html]
[themographics.com/wordpress/docdirect/user/visitor/index.html]
[themographics.com/wordpress/docdirect/user/express-care/info@domain.html]
[themographics.com/wordpress/docdirect/user/docclinic/info@domain.html]
[themographics.com/wordpress/docdirect/wp-content/uploads/2016/04/01-365x365.html]
[themographics.com/wordpress/docdirect/user/dcotors/info@domain.html]
[themographics.com/wordpress/docdirect/user/careonline/info@domain.html]
[themographics.com/wordpress/docdirect/wp-content/uploads/2016/04/02-365x365.html]
[themographics.com/wordpress/docdirect/user/ambias/info@domain.html]
[themographics.com/wordpress/docdirect/user/dakota/info@domain.html]
[themographics.com/wordpress/docdirect/user/dahls/info@domain.html]
[themographics.com/wordpress/docdirect/user/cvs/info@domain.html]
[themographics.com/wordpress/docdirect/user/buehler/info@domain.html]
[themographics.com/wordpress/docdirect/user/bjs/info@domain.html]
[themographics.com/wordpress/docdirect/user/bartell/info@domain.html]
[themographics.com/wordpress/docdirect/user/atlas/info@domain.html]
[themographics.com/wordpress/docdirect/user/acme/info@domain.html]
[themographics.com/wordpress/docdirect/user/shifa/info@domain.html]
[themographics.com/wordpress/docdirect/user/san/info@domain.html]
[themographics.com/wordpress/docdirect/user/marshall/info@domain.html]
[themographics.com/wordpress/docdirect/user/houchin/info@domain.html]
[themographics.com/wordpress/docdirect/user/hema/info@domain.html]
[themographics.com/wordpress/docdirect/user/delta/info@domain.html]
[themographics.com/wordpress/docdirect/user/bloodbank/info@domain.html]
[themographics.com/wordpress/docdirect/user/california/info@domain.html]
[themographics.com/wordpress/docdirect/user/blood/info@domain.html]
[themographics.com/wordpress/docdirect/user/dumbells/info@domain.html]
[themographics.com/wordpress/docdirect/user/smart/info@domain.html]
[themographics.com/wordpress/docdirect/user/slim/info@domain.html]
[themographics.com/wordpress/docdirect/user/nowe/info@domain.html]
[themographics.com/wordpress/docdirect/user/island/info@domain.html]
[themographics.com/wordpress/docdirect/user/hilton/info@domain.html]
[themographics.com/wordpress/docdirect/user/great/info@domain.html]
[themographics.com/wordpress/docdirect/user/better/info@domain.html]
[themographics.com/wordpress/docdirect/dir-search/page/3/info@domain.html]
[themographics.com/wordpress/docdirect/dir-search/page/4/info@domain.html]
[themographics.com/wordpress/docdirect/dir-search/page/5/info@domain.html]
[themographics.com/wordpress/docdirect/dir-search/page/6/info@domain.html]
[themographics.com/wordpress/docdirect/user/anna/info@domain.html]
[themographics.com/wordpress/docdirect/index7b17.html]
[themographics.com/wordpress/docdirect/dermatology-clinic/index21b4.html]
[themographics.com/wordpress/docdirect/dermatology-clinic/index360b.html]
[themographics.com/wordpress/docdirect/dermatology-clinic/index954a.html]
[themographics.com/wordpress/docdirect/dermatology-clinic/info@domain.html]
[themographics.com/wordpress/docdirect/index2586.html]
[themographics.com/wordpress/docdirect/children-clinic/index8e42.html]
[themographics.com/wordpress/docdirect/children-clinic/index8528.html]
[themographics.com/wordpress/docdirect/children-clinic/index745d.html]
[themographics.com/wordpress/docdirect/children-clinic/info@domain.html]
[themographics.com/wordpress/docdirect/indexccf8.html]
[themographics.com/wordpress/docdirect/athletic-clubs/index3094.html]
[themographics.com/wordpress/docdirect/athletic-clubs/indexfa40.html]
[themographics.com/wordpress/docdirect/athletic-clubs/indexf970.html]
[themographics.com/wordpress/docdirect/athletic-clubs/info@domain.html]
[themographics.com/wordpress/docdirect/wp-json/oembed/1.0/embed3eb0.json]
[themographics.com/wordpress/docdirect/cardiology-clinic/feed/index.html]
[themographics.com/wordpress/docdirect/wp-json/oembed/1.0/embeddcfa]
[themographics.com/wordpress/docdirect/cardiology-clinic/index.html]
[themographics.com/wordpress/docdirect/blog-list/page/2/info@domain.html]
[themographics.com/wordpress/docdirect/category/directory/info@domain.html]
[themographics.com/wordpress/docdirect/category/medical/info@domain.html]
[themographics.com/wordpress/docdirect/category/responsive/info@domain.html]
[themographics.com/wordpress/docdirect/category/unique/info@domain.html]
[themographics.com/wordpress/docdirect/indexb7c7.html]
[themographics.com/wordpress/docdirect/orthopedic-surgeon/index41b7.html]
[themographics.com/wordpress/docdirect/orthopedic-surgeon/indexa79a.html]
[themographics.com/wordpress/docdirect/orthopedic-surgeon/index1dff.html]
[themographics.com/wordpress/docdirect/orthopedic-surgeon/info@domain.html]
[themographics.com/wordpress/docdirect/index3440.html]
[themographics.com/wordpress/docdirect/pilates-centers/index94a5.html]
[themographics.com/wordpress/docdirect/pilates-centers/indexb951.html]
[themographics.com/wordpress/docdirect/pilates-centers/index2320.html]
[themographics.com/wordpress/docdirect/pilates-centers/info@domain.html]
[themographics.com/wordpress/docdirect/indexa09e.html]
[themographics.com/wordpress/docdirect/nutritionist/indexfc06.html]
[themographics.com/wordpress/docdirect/nutritionist/index5a86.html]
[themographics.com/wordpress/docdirect/nutritionist/index094c.html]
[themographics.com/wordpress/docdirect/nutritionist/info@domain.html]
[themographics.com/wordpress/docdirect/indexec4a.html]
[themographics.com/wordpress/docdirect/gyms/index6944.html]
[themographics.com/wordpress/docdirect/gyms/indexa82a.html]
[themographics.com/wordpress/docdirect/gyms/index06b6.html]
[themographics.com/wordpress/docdirect/gyms/info@domain.html]
[themographics.com/wordpress/docdirect/blog-grid/page/2/info@domain.html]
[themographics.com/wordpress/docdirect/tag/directory/info@domain.html]
[themographics.com/wordpress/docdirect/tag/medical/info@domain.html]
[themographics.com/wordpress/docdirect/tag/responsive/info@domain.html]
[themographics.com/wordpress/docdirect/tag/unique/info@domain.html]
[themographics.com/wordpress/docdirect/user/docdirect-admin/info@domain.html]
[themographics.com/wordpress/docdirect/user/popular/GET.html]
[themographics.com/wordpress/docdirect/wp-admin/images/wordpress-logo7d6b.svg]
[themographics.com/wordpress/docdirect/wp-admin/index.html]
[themographics.com/wordpress/docdirect/wp-loginc2b6.html]
[themographics.com/wordpress/docdirect/user/visitor/info@domain.html]
[themographics.com/wordpress/docdirect/indexa828.html]
[themographics.com/wordpress/docdirect/cardiology-clinic/indexa858.html]
[themographics.com/wordpress/docdirect/cardiology-clinic/index06ab.html]
[themographics.com/wordpress/docdirect/cardiology-clinic/index7c98.html]
[themographics.com/wordpress/docdirect/cardiology-clinic/info@domain.html]
[themographics.com/wordpress/docdirect/wp-login63ef.html]
[themographics.com/wordpress/docdirect/wp-admin/&reauth=1.html]
